// Jest Snapshot v1, https://goo.gl/fbAQLP

exports[`Conversation component should display 1`] = `
<DocumentFragment>
  <div
    class="conversationContainer"
  >
    <div
      class="backgroundContainer"
    />
    <div
      class="viewSize"
    >
      <div
        class="messageGroup"
      >
        <div
          class="conversationEmptySpace"
        />
        <div />
      </div>
    </div>
  </div>
</DocumentFragment>
`;
